// Vitest Snapshot v1, https://vitest.dev/guide/snapshot.html

exports[`Manual Action Regression Tests > processes a predefined sequence of actions deterministically 1`] = `
{
  "campaignId": "The Fast Lane — Improved Version (QoL)",
  "economicIndex": 0,
  "pawnShopItemsForSale": [],
  "phase": "setup",
  "players": [
    {
      "activeEffects": {},
      "bankSavings": 50,
      "currentHousingId": "low_cost",
      "currentJobId": null,
      "currentRentPrice": 325,
      "currentWage": 0,
      "degrees": [],
      "dependability": 20,
      "enrolledClasses": {},
      "experience": 10,
      "goalAllotment": {
        "career": 25,
        "education": 25,
        "happiness": 25,
        "wealth": 25,
      },
      "happiness": 13,
      "hoursRemaining": 37,
      "id": "player_1",
      "inventory": {
        "appliances": [],
        "books": [],
        "businessClothesWeeks": 0,
        "casualClothesWeeks": 17,
        "dressClothesWeeks": 0,
        "fastFoodItems": [],
        "freshFoodUnits": 1,
        "lotteryTickets": 0,
        "pawnedItems": [],
        "selectedClothes": "casual",
        "stocks": {
          "holdings": {},
          "tBills": 0,
        },
        "tickets": {
          "baseball": 0,
          "concert": 0,
          "theatre": 0,
        },
      },
      "isAi": false,
      "loanDebt": 0,
      "loanPaymentDeadline": 0,
      "maxDependability": 40,
      "maxExperience": 20,
      "money": 22,
      "nakedTurns": 0,
      "name": "ManualPlayer",
      "newspaperHeadline": null,
      "position": "node_bank",
      "raisesAtCurrentJob": 0,
      "relaxation": 19,
      "rentDebt": 0,
      "rentExtensionActive": false,
      "rentExtensionsDeniedPermanently": false,
      "rentExtensionsReceived": 0,
      "rentPaidUntilWeek": 4,
      "timesDefaulted": 0,
      "turnEvents": [],
      "turnFlags": {
        "askedForExtension": false,
        "bookSetCompletedThisTurn": false,
        "caffeineDebt": 0,
        "drinkHappinessGranted": false,
        "fastFoodHappinessGranted": false,
        "freeNewspaper": false,
        "freshFoodHappinessGranted": false,
        "hasEaten": false,
        "hasSeenEvents": false,
        "hasSeenWeekend": false,
        "hasWorked": false,
        "jobsRejectedThisTurn": [
          "factory_janitor",
        ],
        "lotteryHappinessGranted": false,
        "relaxedThisTurn": true,
        "rentExtensionRefusedThisTurn": false,
        "rentPaidThisTurn": false,
      },
    },
  ],
  "rngState": 1831578158,
  "rules": {
    "allowEmployedRentPayment": false,
    "allowOverAchievingGoals": true,
    "allowPartialHours": true,
    "autoEquipBestClothes": true,
    "bypassDoctorIfBroke": false,
    "classicStockMarket": true,
    "clothingDecaysAll": true,
    "delayBookSetCredit": false,
    "enableAnimations": true,
    "enableRelaxationDoctor": true,
    "fluctuatingRent": false,
    "helpfulUI": true,
    "protectBuiltInAppliances": false,
    "relaxationDoctorThreshold": 10,
    "requireJobForLoan": true,
    "strictEviction": true,
  },
  "turn": 0,
  "winnerId": null,
}
`;
