// Vitest Snapshot v1, https://vitest.dev/guide/snapshot.html

exports[`Engine Integration Regression > runs a deterministic full game sequence without mutating or diverging 1`] = `
{
  "campaignId": "test_regression",
  "economicIndex": 10,
  "pawnShopItemsForSale": [
    {
      "itemId": "refrigerator",
      "originalPrice": 400,
      "ownerId": "player_1",
      "purchaseSource": "socket_city",
      "redeemCost": 200,
      "weekPawned": 2,
    },
  ],
  "phase": "playing",
  "players": [
    {
      "activeEffects": {},
      "bankSavings": 50,
      "currentHousingId": "low_cost",
      "currentJobId": "burger_cook",
      "currentRentPrice": 325,
      "currentWage": 5,
      "degrees": [],
      "dependability": 12,
      "enrolledClasses": {},
      "experience": 10,
      "goalAllotment": {
        "career": 50,
        "education": 50,
        "happiness": 50,
        "wealth": 50,
      },
      "happiness": 37,
      "hoursRemaining": 30,
      "id": "player_1",
      "inventory": {
        "appliances": [],
        "books": [],
        "businessClothesWeeks": 0,
        "casualClothesWeeks": 14,
        "dressClothesWeeks": 0,
        "fastFoodItems": [],
        "freshFoodUnits": 0,
        "lotteryTickets": 0,
        "pawnedItems": [],
        "selectedClothes": "casual",
        "stocks": {
          "holdings": {},
          "tBills": 1,
        },
        "tickets": {
          "baseball": 0,
          "concert": 0,
          "theatre": 0,
        },
      },
      "isAi": false,
      "loanDebt": 0,
      "loanPaymentDeadline": 0,
      "maxDependability": 40,
      "maxExperience": 20,
      "money": 0,
      "nakedTurns": 0,
      "name": "TestPlayer",
      "newspaperHeadline": {
        "key": "newspaper.random.2",
      },
      "position": "node_low_cost",
      "raisesAtCurrentJob": 0,
      "relaxation": 15,
      "rentDebt": 0,
      "rentExtensionActive": true,
      "rentExtensionsDeniedPermanently": false,
      "rentExtensionsReceived": 1,
      "rentPaidUntilWeek": 8,
      "timesDefaulted": 0,
      "turnEvents": [
        {
          "key": "events.starvation",
        },
        {
          "key": "events.doctorVisit",
          "params": {
            "cost": 22,
          },
        },
        {
          "key": "events.pawnExpired",
        },
      ],
      "turnFlags": {
        "askedForExtension": false,
        "caffeineDebt": 0,
        "drinkHappinessGranted": false,
        "fastFoodHappinessGranted": false,
        "freeNewspaper": false,
        "freshFoodHappinessGranted": false,
        "hasEaten": false,
        "hasSeenEvents": false,
        "hasSeenWeekend": false,
        "hasWorked": false,
        "loanDefaultWarning": false,
        "loanPayableWarning": false,
        "rentPaidThisTurn": false,
      },
      "weekendResult": {
        "cost": 18,
        "event": {
          "key": "events.weekend.random_1",
        },
        "happinessBonus": undefined,
      },
    },
  ],
  "rngState": 42,
  "rules": {
    "allowEmployedRentPayment": false,
    "allowOverAchievingGoals": false,
    "allowPartialHours": true,
    "autoEquipBestClothes": true,
    "bypassDoctorIfBroke": true,
    "classicStockMarket": true,
    "clothingDecaysAll": true,
    "delayBookSetCredit": true,
    "enableAnimations": false,
    "enableRelaxationDoctor": true,
    "fluctuatingRent": false,
    "helpfulUI": false,
    "protectBuiltInAppliances": false,
    "relaxationDoctorThreshold": 10,
    "requireJobForLoan": true,
    "strictEviction": true,
  },
  "turn": 5,
  "winnerId": null,
}
`;
