// Vitest Snapshot v1, https://vitest.dev/guide/snapshot.html

exports[`Deterministic Replay Regression > replays a recorded game exactly using test_replay.json 1`] = `
{
  "campaignId": "test_regression",
  "economicIndex": 10,
  "pawnShopItemsForSale": [],
  "phase": "playing",
  "players": [
    {
      "activeEffects": {},
      "bankSavings": 50,
      "currentHousingId": "low_cost",
      "currentJobId": "burger_cook",
      "currentRentPrice": 325,
      "currentWage": 5,
      "degrees": [],
      "dependability": 12,
      "enrolledClasses": {},
      "experience": 10,
      "goalAllotment": {
        "career": 50,
        "education": 50,
        "happiness": 50,
        "wealth": 50,
      },
      "happiness": 39,
      "hoursRemaining": 50,
      "id": "player_1",
      "inventory": {
        "appliances": [
          {
            "id": "refrigerator",
            "purchasePrice": 400,
            "purchaseSource": "socket_city",
          },
        ],
        "books": [],
        "businessClothesWeeks": 0,
        "casualClothesWeeks": 14,
        "dressClothesWeeks": 0,
        "fastFoodItems": [],
        "freshFoodUnits": 1,
        "lotteryTickets": 0,
        "pawnedItems": [],
        "selectedClothes": "casual",
        "stocks": {
          "holdings": {},
          "tBills": 1,
        },
        "tickets": {
          "baseball": 0,
          "concert": 0,
          "theatre": 0,
        },
      },
      "isAi": false,
      "loanDebt": 0,
      "loanPaymentDeadline": 0,
      "maxDependability": 40,
      "maxExperience": 20,
      "money": 0,
      "nakedTurns": 0,
      "name": "TestPlayer",
      "newspaperHeadline": {
        "key": "newspaper.random.3",
      },
      "position": "node_low_cost",
      "raisesAtCurrentJob": 0,
      "relaxation": 15,
      "rentDebt": 0,
      "rentExtensionActive": false,
      "rentExtensionsDeniedPermanently": false,
      "rentExtensionsReceived": 1,
      "rentPaidUntilWeek": 4,
      "timesDefaulted": 0,
      "turnEvents": [
        {
          "key": "events.foodSpoiled.ateSpoiled",
        },
        {
          "key": "events.foodSpoiled.sick",
        },
        {
          "key": "events.doctorVisit",
          "params": {
            "cost": 63,
          },
        },
        {
          "key": "events.rent.extensionExpired",
        },
      ],
      "turnFlags": {
        "askedForExtension": false,
        "caffeineDebt": 0,
        "drinkHappinessGranted": false,
        "fastFoodHappinessGranted": false,
        "freeNewspaper": false,
        "freshFoodHappinessGranted": false,
        "hasEaten": true,
        "hasSeenEvents": false,
        "hasSeenWeekend": false,
        "hasWorked": false,
        "loanDefaultWarning": false,
        "loanPayableWarning": false,
        "rentPaidThisTurn": false,
      },
      "weekendResult": {
        "cost": 12,
        "event": {
          "key": "events.weekend.random_1",
        },
        "happinessBonus": undefined,
      },
    },
  ],
  "rngState": 42,
  "rules": {
    "allowEatingSpoiledFood": true,
    "allowEmployedRentPayment": false,
    "allowOverAchievingGoals": false,
    "allowPartialHours": true,
    "autoEquipBestClothes": true,
    "bypassDoctorIfBroke": true,
    "classicStockMarket": true,
    "clothingDecaysAll": true,
    "delayBookSetCredit": true,
    "enableAnimations": false,
    "enableRelaxationDoctor": true,
    "fluctuatingRent": false,
    "helpfulUI": false,
    "protectBuiltInAppliances": false,
    "relaxationDoctorThreshold": 10,
    "requireJobForLoan": true,
    "strictEviction": true,
  },
  "turn": 5,
  "winnerId": null,
}
`;
